

*******************************************************************************
Sat May 17 13:47:06 2025


FIT:    data read from '../Elaborati/moli_primo.txt' using 1:2
        format = x:z
        #datapoints = 60408
        residuals are weighted equally (unit weight)

function used for fitting: f(x)
	f(x)= a*x + b
fitted parameters initialized with current variable values

iter      chisq       delta/lim  lambda   a             b            
   0 3.3271620167e-04   0.00e+00  6.93e-04   -4.762000e-09   9.800275e-04
   3 2.1463643726e-04  -4.49e-04  6.93e-07   -2.399025e-08   1.009289e-03

After 3 iterations the fit converged.
final sum of squares of residuals : 0.000214636
rel. change during last iteration : -4.4906e-09

degrees of freedom    (FIT_NDF)                        : 60406
rms of residuals      (FIT_STDFIT) = sqrt(WSSR/ndf)    : 5.9609e-05
variance of residuals (reduced chisquare) = WSSR/ndf   : 3.55323e-09

Final set of parameters            Asymptotic Standard Error
=======================            ==========================
a               = -2.39902e-08     +/- 1.391e-10    (0.5797%)
b               = 0.00100929       +/- 4.851e-07    (0.04806%)

correlation matrix of the fit parameters:
                a      b      
a               1.000 
b              -0.866  1.000 


*******************************************************************************
Sat May 17 14:10:33 2025


FIT:    data read from '../Elaborati/moli_primo.txt' using 1:2
        format = x:z
        #datapoints = 60408
        residuals are weighted equally (unit weight)

function used for fitting: f(x)
	f(x)= a*x + b
fitted parameters initialized with current variable values

iter      chisq       delta/lim  lambda   a             b            
   0 3.3271620167e-04   0.00e+00  6.93e-04   -4.762000e-09   9.800275e-04
   3 2.1463643726e-04  -4.49e-04  6.93e-07   -2.399025e-08   1.009289e-03

After 3 iterations the fit converged.
final sum of squares of residuals : 0.000214636
rel. change during last iteration : -4.4906e-09

degrees of freedom    (FIT_NDF)                        : 60406
rms of residuals      (FIT_STDFIT) = sqrt(WSSR/ndf)    : 5.9609e-05
variance of residuals (reduced chisquare) = WSSR/ndf   : 3.55323e-09

Final set of parameters            Asymptotic Standard Error
=======================            ==========================
a               = -2.39902e-08     +/- 1.391e-10    (0.5797%)
b               = 0.00100929       +/- 4.851e-07    (0.04806%)

correlation matrix of the fit parameters:
                a      b      
a               1.000 
b              -0.866  1.000 


*******************************************************************************
Sat May 17 14:18:43 2025


FIT:    data read from '../Elaborati/moli_primo.txt' using 1:2
        format = x:z
        #datapoints = 60408
        residuals are weighted equally (unit weight)

function used for fitting: f(x)
	f(x)= a*x + b
fitted parameters initialized with current variable values

iter      chisq       delta/lim  lambda   a             b            
   0 3.3271620167e-04   0.00e+00  6.93e-04   -4.762000e-09   9.800275e-04
   3 2.1463643726e-04  -4.49e-04  6.93e-07   -2.399025e-08   1.009289e-03

After 3 iterations the fit converged.
final sum of squares of residuals : 0.000214636
rel. change during last iteration : -4.4906e-09

degrees of freedom    (FIT_NDF)                        : 60406
rms of residuals      (FIT_STDFIT) = sqrt(WSSR/ndf)    : 5.9609e-05
variance of residuals (reduced chisquare) = WSSR/ndf   : 3.55323e-09

Final set of parameters            Asymptotic Standard Error
=======================            ==========================
a               = -2.39902e-08     +/- 1.391e-10    (0.5797%)
b               = 0.00100929       +/- 4.851e-07    (0.04806%)

correlation matrix of the fit parameters:
                a      b      
a               1.000 
b              -0.866  1.000 


*******************************************************************************
Sat May 17 14:41:22 2025


FIT:    data read from '../Elaborati/moli_primo.txt' using 1:2
        format = x:z
        #datapoints = 60408
        residuals are weighted equally (unit weight)

function used for fitting: f(x)
	f(x)= a*x + b
fitted parameters initialized with current variable values

iter      chisq       delta/lim  lambda   a             b            
   0 3.3271620167e-04   0.00e+00  6.93e-04   -4.762000e-09   9.800275e-04
   3 2.1463643726e-04  -4.49e-04  6.93e-07   -2.399025e-08   1.009289e-03

After 3 iterations the fit converged.
final sum of squares of residuals : 0.000214636
rel. change during last iteration : -4.4906e-09

degrees of freedom    (FIT_NDF)                        : 60406
rms of residuals      (FIT_STDFIT) = sqrt(WSSR/ndf)    : 5.9609e-05
variance of residuals (reduced chisquare) = WSSR/ndf   : 3.55323e-09

Final set of parameters            Asymptotic Standard Error
=======================            ==========================
a               = -2.39902e-08     +/- 1.391e-10    (0.5797%)
b               = 0.00100929       +/- 4.851e-07    (0.04806%)

correlation matrix of the fit parameters:
                a      b      
a               1.000 
b              -0.866  1.000 


*******************************************************************************
Sat May 17 15:14:12 2025


FIT:    data read from '../Elaborati/moli_primo.txt' using 1:2
        format = x:z
        #datapoints = 60408
        residuals are weighted equally (unit weight)

function used for fitting: f(x)
	f(x)= a*x + b
fitted parameters initialized with current variable values

iter      chisq       delta/lim  lambda   a             b            
   0 3.3271620167e-04   0.00e+00  6.93e-04   -4.762000e-09   9.800275e-04
   3 2.1463643726e-04  -4.49e-04  6.93e-07   -2.399025e-08   1.009289e-03

After 3 iterations the fit converged.
final sum of squares of residuals : 0.000214636
rel. change during last iteration : -4.4906e-09

degrees of freedom    (FIT_NDF)                        : 60406
rms of residuals      (FIT_STDFIT) = sqrt(WSSR/ndf)    : 5.9609e-05
variance of residuals (reduced chisquare) = WSSR/ndf   : 3.55323e-09

Final set of parameters            Asymptotic Standard Error
=======================            ==========================
a               = -2.39902e-08     +/- 1.391e-10    (0.5797%)
b               = 0.00100929       +/- 4.851e-07    (0.04806%)

correlation matrix of the fit parameters:
                a      b      
a               1.000 
b              -0.866  1.000 


*******************************************************************************
Sat May 17 15:14:18 2025


FIT:    data read from '../Elaborati/moli_temp.txt' using 1:2
        format = x:z
        x range restricted to [0.00000 : 60.0000]
        #datapoints = 6
        residuals are weighted equally (unit weight)

function used for fitting: f(x)
	f(x)= a*x + b
fitted parameters initialized with current variable values

iter      chisq       delta/lim  lambda   a             b            
   0 5.8360453160e-09   0.00e+00  7.15e-04   -2.200000e-08   1.011780e-03
   6 2.9611749241e-09  -2.76e-01  7.15e-10    1.014280e-06   9.688947e-04

After 6 iterations the fit converged.
final sum of squares of residuals : 2.96117e-09
rel. change during last iteration : -2.75736e-06

degrees of freedom    (FIT_NDF)                        : 4
rms of residuals      (FIT_STDFIT) = sqrt(WSSR/ndf)    : 2.72083e-05
variance of residuals (reduced chisquare) = WSSR/ndf   : 7.40294e-10

Final set of parameters            Asymptotic Standard Error
=======================            ==========================
a               = 1.01428e-06      +/- 6.32e-07     (62.31%)
b               = 0.000968895      +/- 2.179e-05    (2.249%)

correlation matrix of the fit parameters:
                a      b      
a               1.000 
b              -0.860  1.000 


*******************************************************************************
Sat May 17 15:14:51 2025


FIT:    data read from '../Elaborati/moli_primo.txt' using 1:2
        format = x:z
        #datapoints = 60408
        residuals are weighted equally (unit weight)

function used for fitting: f(x)
	f(x)= a*x + b
fitted parameters initialized with current variable values

iter      chisq       delta/lim  lambda   a             b            
   0 3.3271620167e-04   0.00e+00  6.93e-04   -4.762000e-09   9.800275e-04
   3 2.1463643726e-04  -4.49e-04  6.93e-07   -2.399025e-08   1.009289e-03

After 3 iterations the fit converged.
final sum of squares of residuals : 0.000214636
rel. change during last iteration : -4.4906e-09

degrees of freedom    (FIT_NDF)                        : 60406
rms of residuals      (FIT_STDFIT) = sqrt(WSSR/ndf)    : 5.9609e-05
variance of residuals (reduced chisquare) = WSSR/ndf   : 3.55323e-09

Final set of parameters            Asymptotic Standard Error
=======================            ==========================
a               = -2.39902e-08     +/- 1.391e-10    (0.5797%)
b               = 0.00100929       +/- 4.851e-07    (0.04806%)

correlation matrix of the fit parameters:
                a      b      
a               1.000 
b              -0.866  1.000 


*******************************************************************************
Sat May 17 15:14:57 2025


FIT:    data read from '../Elaborati/moli_temp.txt' using 1:2
        format = x:z
        x range restricted to [0.00000 : 60.0000]
        #datapoints = 6
        residuals are weighted equally (unit weight)

function used for fitting: f(x)
	f(x)= a*x + b
fitted parameters initialized with current variable values

iter      chisq       delta/lim  lambda   a             b            
   0 5.8360453160e-09   0.00e+00  7.15e-04   -2.200000e-08   1.011780e-03
   6 2.9611749241e-09  -2.76e-01  7.15e-10    1.014280e-06   9.688947e-04

After 6 iterations the fit converged.
final sum of squares of residuals : 2.96117e-09
rel. change during last iteration : -2.75736e-06

degrees of freedom    (FIT_NDF)                        : 4
rms of residuals      (FIT_STDFIT) = sqrt(WSSR/ndf)    : 2.72083e-05
variance of residuals (reduced chisquare) = WSSR/ndf   : 7.40294e-10

Final set of parameters            Asymptotic Standard Error
=======================            ==========================
a               = 1.01428e-06      +/- 6.32e-07     (62.31%)
b               = 0.000968895      +/- 2.179e-05    (2.249%)

correlation matrix of the fit parameters:
                a      b      
a               1.000 
b              -0.860  1.000 


*******************************************************************************
Sat May 17 15:52:38 2025


FIT:    data read from '../Elaborati/moli_primo.txt' using 1:2
        format = x:z
        #datapoints = 60408
        residuals are weighted equally (unit weight)

function used for fitting: f(x)
	f(x)= a*x + b
fitted parameters initialized with current variable values

iter      chisq       delta/lim  lambda   a             b            
   0 3.3271620167e-04   0.00e+00  6.93e-04   -4.762000e-09   9.800275e-04
   3 2.1463643726e-04  -4.49e-04  6.93e-07   -2.399025e-08   1.009289e-03

After 3 iterations the fit converged.
final sum of squares of residuals : 0.000214636
rel. change during last iteration : -4.4906e-09

degrees of freedom    (FIT_NDF)                        : 60406
rms of residuals      (FIT_STDFIT) = sqrt(WSSR/ndf)    : 5.9609e-05
variance of residuals (reduced chisquare) = WSSR/ndf   : 3.55323e-09

Final set of parameters            Asymptotic Standard Error
=======================            ==========================
a               = -2.39902e-08     +/- 1.391e-10    (0.5797%)
b               = 0.00100929       +/- 4.851e-07    (0.04806%)

correlation matrix of the fit parameters:
                a      b      
a               1.000 
b              -0.866  1.000 


*******************************************************************************
Sat May 17 15:52:45 2025


FIT:    data read from '../Elaborati/moli_temp.txt' using 1:2
        format = x:z
        x range restricted to [0.00000 : 60.0000]
        #datapoints = 5
        residuals are weighted equally (unit weight)

function used for fitting: f(x)
	f(x)= a*x + b
fitted parameters initialized with current variable values

iter      chisq       delta/lim  lambda   a             b            
   0 1.6535290000e-10   0.00e+00  7.15e-04   -2.200000e-08   1.011780e-03
   6 1.5403204000e-10  -1.87e-01  7.15e-10   -1.225999e-07   1.015791e-03

After 6 iterations the fit converged.
final sum of squares of residuals : 1.54032e-10
rel. change during last iteration : -1.86501e-06

degrees of freedom    (FIT_NDF)                        : 3
rms of residuals      (FIT_STDFIT) = sqrt(WSSR/ndf)    : 7.16547e-06
variance of residuals (reduced chisquare) = WSSR/ndf   : 5.1344e-11

Final set of parameters            Asymptotic Standard Error
=======================            ==========================
a               = -1.226e-07       +/- 2.266e-07    (184.8%)
b               = 0.00101579       +/- 8.554e-06    (0.8421%)

correlation matrix of the fit parameters:
                a      b      
a               1.000 
b              -0.927  1.000 


*******************************************************************************
Sat May 17 15:57:42 2025


FIT:    data read from '../Elaborati/moli_primo.txt' using 1:2
        format = x:z
        #datapoints = 60408
        residuals are weighted equally (unit weight)

function used for fitting: f(x)
	f(x)= a*x + b
fitted parameters initialized with current variable values

iter      chisq       delta/lim  lambda   a             b            
   0 3.3271620167e-04   0.00e+00  6.93e-04   -4.762000e-09   9.800275e-04
   3 2.1463643726e-04  -4.49e-04  6.93e-07   -2.399025e-08   1.009289e-03

After 3 iterations the fit converged.
final sum of squares of residuals : 0.000214636
rel. change during last iteration : -4.4906e-09

degrees of freedom    (FIT_NDF)                        : 60406
rms of residuals      (FIT_STDFIT) = sqrt(WSSR/ndf)    : 5.9609e-05
variance of residuals (reduced chisquare) = WSSR/ndf   : 3.55323e-09

Final set of parameters            Asymptotic Standard Error
=======================            ==========================
a               = -2.39902e-08     +/- 1.391e-10    (0.5797%)
b               = 0.00100929       +/- 4.851e-07    (0.04806%)

correlation matrix of the fit parameters:
                a      b      
a               1.000 
b              -0.866  1.000 


*******************************************************************************
Sat May 17 15:57:47 2025


FIT:    data read from '../Elaborati/moli_temp.txt' using 1:2
        format = x:z
        x range restricted to [0.00000 : 60.0000]
        #datapoints = 6
        residuals are weighted equally (unit weight)

function used for fitting: f(x)
	f(x)= a*x + b
fitted parameters initialized with current variable values

iter      chisq       delta/lim  lambda   a             b            
   0 5.8360453160e-09   0.00e+00  7.15e-04   -2.200000e-08   1.011780e-03
   6 2.9611749241e-09  -2.76e-01  7.15e-10    1.014280e-06   9.688947e-04

After 6 iterations the fit converged.
final sum of squares of residuals : 2.96117e-09
rel. change during last iteration : -2.75736e-06

degrees of freedom    (FIT_NDF)                        : 4
rms of residuals      (FIT_STDFIT) = sqrt(WSSR/ndf)    : 2.72083e-05
variance of residuals (reduced chisquare) = WSSR/ndf   : 7.40294e-10

Final set of parameters            Asymptotic Standard Error
=======================            ==========================
a               = 1.01428e-06      +/- 6.32e-07     (62.31%)
b               = 0.000968895      +/- 2.179e-05    (2.249%)

correlation matrix of the fit parameters:
                a      b      
a               1.000 
b              -0.860  1.000 
